bin\file_list_maker.pdb
bin\filelist_maker.exe
bin\filelist_maker.exe.pdb
bin\filelist_maker.pdb
file_list_maker.vcxproj
file_list_maker.vcxproj.filters
file_list_maker.vcxproj.user
file_list_makerDlg.cpp
file_list_makerDlg.h
filelist_maker.sln
filelistmaker.rc
framework.h
pch.cpp
pch.h
readme.txt
res\file_list_maker.ico
res\filelistmaker.rc2
resource.h
targetver.h
x64\Debug\file_list_maker.exe.recipe
x64\Debug\file_list_maker.ilk
x64\Debug\file_list_maker.log
x64\Debug\file_list_maker.obj
x64\Debug\file_list_maker.pch
x64\Debug\file_list_maker.tlog\CL.command.1.tlog
x64\Debug\file_list_maker.tlog\CL.read.1.tlog
x64\Debug\file_list_maker.tlog\CL.write.1.tlog
x64\Debug\file_list_maker.tlog\file_list_maker.lastbuildstate
x64\Debug\file_list_maker.tlog\link.command.1.tlog
x64\Debug\file_list_maker.tlog\link.read.1.tlog
x64\Debug\file_list_maker.tlog\link.write.1.tlog
x64\Debug\file_list_maker.tlog\rc.command.1.tlog
x64\Debug\file_list_maker.tlog\rc.read.1.tlog
x64\Debug\file_list_maker.tlog\rc.write.1.tlog
x64\Debug\file_list_makerDlg.obj
x64\Debug\filelist_maker.exe.exe.recipe
x64\Debug\filelist_maker.exe.ilk
x64\Debug\filelist_maker.exe.pch
x64\Debug\filelist_maker.exe.recipe
x64\Debug\filelist_maker.ilk
x64\Debug\filelist_maker.pch
x64\Debug\filelistmaker.res
x64\Debug\Functions.obj
x64\Debug\pch.obj
x64\Debug\vc142.idb
x64\Debug\vc142.pdb
x64\Debug\vcpkg.applocal.log
.gitattributes
.gitignore
file_list_maker.cpp
file_list_maker.h
