file_list_maker.cpp
file_list_maker.h
file_list_maker.vcxproj
file_list_maker.vcxproj.filters
file_list_maker.vcxproj.user
file_list_makerDlg.cpp
file_list_makerDlg.h
filelist_maker.sln
filelistmaker.aps
filelistmaker.rc
framework.h
pch.cpp
pch.h
readme.txt
resource.h
targetver.h
bin\filelist_maker.exe
bin\filelist_maker.pdb
Release\file_list_maker.log
Release\file_list_maker.obj
Release\file_list_maker.tlog\CL.command.1.tlog
Release\file_list_maker.tlog\CL.read.1.tlog
Release\file_list_maker.tlog\CL.write.1.tlog
Release\file_list_maker.tlog\file_list_maker.lastbuildstate
Release\file_list_maker.tlog\link.command.1.tlog
Release\file_list_maker.tlog\link.read.1.tlog
Release\file_list_maker.tlog\link.write.1.tlog
Release\file_list_maker.tlog\rc.command.1.tlog
Release\file_list_maker.tlog\rc.read.1.tlog
Release\file_list_maker.tlog\rc.write.1.tlog
Release\file_list_maker.vcxproj.FileListAbsolute.txt
Release\file_list_makerDlg.obj
Release\filelist_maker.Build.CppClean.log
Release\filelist_maker.exe.recipe
Release\filelist_maker.iobj
Release\filelist_maker.ipdb
Release\filelist_maker.pch
Release\filelistmaker.res
Release\Functions.obj
Release\pch.obj
Release\vc142.pdb
Release\vcpkg.applocal.log
res\file_list_maker.ico
res\filelistmaker.rc2
.gitattributes
.gitignore
